Archive member included because of file (symbol)

c:/winavr-20081205/bin/../lib/gcc/avr/4.3.2/avr5\libgcc.a(_udivmodhi4.o)
                              security_box.o (__udivmodhi4)
c:/winavr-20081205/bin/../lib/gcc/avr/4.3.2/avr5\libgcc.a(_exit.o)
                              c:/winavr-20081205/bin/../lib/gcc/avr/4.3.2/../../../../avr/lib/avr5/crtm169.o (exit)
c:/winavr-20081205/bin/../lib/gcc/avr/4.3.2/avr5\libgcc.a(_copy_data.o)
                              security_box.o (__do_copy_data)
c:/winavr-20081205/bin/../lib/gcc/avr/4.3.2/avr5\libgcc.a(_clear_bss.o)
                              security_box.o (__do_clear_bss)
c:/winavr-20081205/bin/../lib/gcc/avr/4.3.2/avr5\libgcc.a(_fixunssfsi.o)
                              security_box.o (__fixunssfsi)
c:/winavr-20081205/bin/../lib/gcc/avr/4.3.2/avr5\libgcc.a(_addsub_sf.o)
                              security_box.o (__subsf3)
c:/winavr-20081205/bin/../lib/gcc/avr/4.3.2/avr5\libgcc.a(_mul_sf.o)
                              security_box.o (__mulsf3)
c:/winavr-20081205/bin/../lib/gcc/avr/4.3.2/avr5\libgcc.a(_div_sf.o)
                              security_box.o (__divsf3)
c:/winavr-20081205/bin/../lib/gcc/avr/4.3.2/avr5\libgcc.a(_gt_sf.o)
                              security_box.o (__gtsf2)
c:/winavr-20081205/bin/../lib/gcc/avr/4.3.2/avr5\libgcc.a(_ge_sf.o)
                              c:/winavr-20081205/bin/../lib/gcc/avr/4.3.2/avr5\libgcc.a(_fixunssfsi.o) (__gesf2)
c:/winavr-20081205/bin/../lib/gcc/avr/4.3.2/avr5\libgcc.a(_lt_sf.o)
                              security_box.o (__ltsf2)
c:/winavr-20081205/bin/../lib/gcc/avr/4.3.2/avr5\libgcc.a(_si_to_sf.o)
                              security_box.o (__floatsisf)
c:/winavr-20081205/bin/../lib/gcc/avr/4.3.2/avr5\libgcc.a(_sf_to_si.o)
                              security_box.o (__fixsfsi)
c:/winavr-20081205/bin/../lib/gcc/avr/4.3.2/avr5\libgcc.a(_thenan_sf.o)
                              c:/winavr-20081205/bin/../lib/gcc/avr/4.3.2/avr5\libgcc.a(_addsub_sf.o) (__thenan_sf)
c:/winavr-20081205/bin/../lib/gcc/avr/4.3.2/avr5\libgcc.a(_usi_to_sf.o)
                              security_box.o (__floatunsisf)
c:/winavr-20081205/bin/../lib/gcc/avr/4.3.2/avr5\libgcc.a(_prologue.o)
                              c:/winavr-20081205/bin/../lib/gcc/avr/4.3.2/avr5\libgcc.a(_addsub_sf.o) (__prologue_saves__)
c:/winavr-20081205/bin/../lib/gcc/avr/4.3.2/avr5\libgcc.a(_epilogue.o)
                              c:/winavr-20081205/bin/../lib/gcc/avr/4.3.2/avr5\libgcc.a(_addsub_sf.o) (__epilogue_restores__)
c:/winavr-20081205/bin/../lib/gcc/avr/4.3.2/avr5\libgcc.a(_clzsi2.o)
                              c:/winavr-20081205/bin/../lib/gcc/avr/4.3.2/avr5\libgcc.a(_si_to_sf.o) (__clzsi2)
c:/winavr-20081205/bin/../lib/gcc/avr/4.3.2/avr5\libgcc.a(_pack_sf.o)
                              c:/winavr-20081205/bin/../lib/gcc/avr/4.3.2/avr5\libgcc.a(_addsub_sf.o) (__pack_f)
c:/winavr-20081205/bin/../lib/gcc/avr/4.3.2/avr5\libgcc.a(_unpack_sf.o)
                              c:/winavr-20081205/bin/../lib/gcc/avr/4.3.2/avr5\libgcc.a(_addsub_sf.o) (__unpack_f)
c:/winavr-20081205/bin/../lib/gcc/avr/4.3.2/avr5\libgcc.a(_fpcmp_parts_sf.o)
                              c:/winavr-20081205/bin/../lib/gcc/avr/4.3.2/avr5\libgcc.a(_gt_sf.o) (__fpcmp_parts_f)
c:/winavr-20081205/bin/../lib/gcc/avr/4.3.2/avr5\libgcc.a(_clz.o)
                              c:/winavr-20081205/bin/../lib/gcc/avr/4.3.2/avr5\libgcc.a(_clzsi2.o) (__clz_tab)
c:/winavr-20081205/bin/../lib/gcc/avr/4.3.2/../../../../avr/lib/avr5\libc.a(itoa.o)
                              security_box.o (itoa)
c:/winavr-20081205/bin/../lib/gcc/avr/4.3.2/../../../../avr/lib/avr5\libc.a(log.o)
                              security_box.o (log)
c:/winavr-20081205/bin/../lib/gcc/avr/4.3.2/../../../../avr/lib/avr5\libc.a(mulsf3x.o)
                              c:/winavr-20081205/bin/../lib/gcc/avr/4.3.2/../../../../avr/lib/avr5\libc.a(log.o) (__mulsf3x)
c:/winavr-20081205/bin/../lib/gcc/avr/4.3.2/../../../../avr/lib/avr5\libc.a(strrev.o)
                              c:/winavr-20081205/bin/../lib/gcc/avr/4.3.2/../../../../avr/lib/avr5\libc.a(itoa.o) (strrev)
c:/winavr-20081205/bin/../lib/gcc/avr/4.3.2/../../../../avr/lib/avr5\libc.a(addsf3x.o)
                              c:/winavr-20081205/bin/../lib/gcc/avr/4.3.2/../../../../avr/lib/avr5\libc.a(log.o) (__addsf3x)
c:/winavr-20081205/bin/../lib/gcc/avr/4.3.2/../../../../avr/lib/avr5\libc.a(fp_inf.o)
                              c:/winavr-20081205/bin/../lib/gcc/avr/4.3.2/../../../../avr/lib/avr5\libc.a(log.o) (__fp_inf)
c:/winavr-20081205/bin/../lib/gcc/avr/4.3.2/../../../../avr/lib/avr5\libc.a(fp_mpack.o)
                              c:/winavr-20081205/bin/../lib/gcc/avr/4.3.2/../../../../avr/lib/avr5\libc.a(log.o) (__fp_mpack)
c:/winavr-20081205/bin/../lib/gcc/avr/4.3.2/../../../../avr/lib/avr5\libc.a(fp_nan.o)
                              c:/winavr-20081205/bin/../lib/gcc/avr/4.3.2/../../../../avr/lib/avr5\libc.a(log.o) (__fp_nan)
c:/winavr-20081205/bin/../lib/gcc/avr/4.3.2/../../../../avr/lib/avr5\libc.a(fp_powser.o)
                              c:/winavr-20081205/bin/../lib/gcc/avr/4.3.2/../../../../avr/lib/avr5\libc.a(log.o) (__fp_powser)
c:/winavr-20081205/bin/../lib/gcc/avr/4.3.2/../../../../avr/lib/avr5\libc.a(fp_pscA.o)
                              c:/winavr-20081205/bin/../lib/gcc/avr/4.3.2/../../../../avr/lib/avr5\libc.a(mulsf3x.o) (__fp_pscA)
c:/winavr-20081205/bin/../lib/gcc/avr/4.3.2/../../../../avr/lib/avr5\libc.a(fp_pscB.o)
                              c:/winavr-20081205/bin/../lib/gcc/avr/4.3.2/../../../../avr/lib/avr5\libc.a(mulsf3x.o) (__fp_pscB)
c:/winavr-20081205/bin/../lib/gcc/avr/4.3.2/../../../../avr/lib/avr5\libc.a(fp_round.o)
                              c:/winavr-20081205/bin/../lib/gcc/avr/4.3.2/../../../../avr/lib/avr5\libc.a(log.o) (__fp_round)
c:/winavr-20081205/bin/../lib/gcc/avr/4.3.2/../../../../avr/lib/avr5\libc.a(fp_split3.o)
                              c:/winavr-20081205/bin/../lib/gcc/avr/4.3.2/../../../../avr/lib/avr5\libc.a(mulsf3x.o) (__fp_split3)
c:/winavr-20081205/bin/../lib/gcc/avr/4.3.2/../../../../avr/lib/avr5\libc.a(fp_zero.o)
                              c:/winavr-20081205/bin/../lib/gcc/avr/4.3.2/../../../../avr/lib/avr5\libc.a(addsf3x.o) (__fp_zero)

Allocating common symbols
Common symbol       size              file

gScrollMode         0x1               Macro_lcd.o
lcd_str             0x1e              security_box.o
v                   0x4               security_box.o
LCD_Data            0x14              Macro_lcd.o
gTextBuffer         0x19              Macro_lcd.o
gScroll             0x1               Macro_lcd.o

Memory Configuration

Name             Origin             Length             Attributes
text             0x00000000         0x00020000         xr
data             0x00800060         0x0000ffa0         rw !x
eeprom           0x00810000         0x00010000         rw !x
fuse             0x00820000         0x00000400         rw !x
lock             0x00830000         0x00000400         rw !x
signature        0x00840000         0x00000400         rw !x
*default*        0x00000000         0xffffffff

Linker script and memory map

Address of section .data set to 0x800100
LOAD c:/winavr-20081205/bin/../lib/gcc/avr/4.3.2/../../../../avr/lib/avr5/crtm169.o
LOAD security_box.o
LOAD Macro_lcd.o
LOAD c:/winavr-20081205/bin/../lib/gcc/avr/4.3.2/avr5\libgcc.a
LOAD c:/winavr-20081205/bin/../lib/gcc/avr/4.3.2/../../../../avr/lib/avr5\libc.a
LOAD c:/winavr-20081205/bin/../lib/gcc/avr/4.3.2/avr5\libgcc.a

.hash
 *(.hash)

.dynsym
 *(.dynsym)

.dynstr
 *(.dynstr)

.gnu.version
 *(.gnu.version)

.gnu.version_d
 *(.gnu.version_d)

.gnu.version_r
 *(.gnu.version_r)

.rel.init
 *(.rel.init)

.rela.init
 *(.rela.init)

.rel.text
 *(.rel.text)
 *(.rel.text.*)
 *(.rel.gnu.linkonce.t*)

.rela.text
 *(.rela.text)
 *(.rela.text.*)
 *(.rela.gnu.linkonce.t*)

.rel.fini
 *(.rel.fini)

.rela.fini
 *(.rela.fini)

.rel.rodata
 *(.rel.rodata)
 *(.rel.rodata.*)
 *(.rel.gnu.linkonce.r*)

.rela.rodata
 *(.rela.rodata)
 *(.rela.rodata.*)
 *(.rela.gnu.linkonce.r*)

.rel.data
 *(.rel.data)
 *(.rel.data.*)
 *(.rel.gnu.linkonce.d*)

.rela.data
 *(.rela.data)
 *(.rela.data.*)
 *(.rela.gnu.linkonce.d*)

.rel.ctors
 *(.rel.ctors)

.rela.ctors
 *(.rela.ctors)

.rel.dtors
 *(.rel.dtors)

.rela.dtors
 *(.rela.dtors)

.rel.got
 *(.rel.got)

.rela.got
 *(.rela.got)

.rel.bss
 *(.rel.bss)

.rela.bss
 *(.rela.bss)

.rel.plt
 *(.rel.plt)

.rela.plt
 *(.rela.plt)

.text           0x00000000     0x28f0
 *(.vectors)
 .vectors       0x00000000       0x5c c:/winavr-20081205/bin/../lib/gcc/avr/4.3.2/../../../../avr/lib/avr5/crtm169.o
                0x00000000                __vectors
                0x00000000                __vector_default
 *(.vectors)
 *(.progmem.gcc*)
 .progmem.gcc_fplib
                0x0000005c       0x5a c:/winavr-20081205/bin/../lib/gcc/avr/4.3.2/../../../../avr/lib/avr5\libc.a(log.o)
 *(.progmem*)
 .progmem.data  0x000000b6       0x6e Macro_lcd.o
                0x000000b6                LCD_character_table
                0x00000124                . = ALIGN (0x2)
                0x00000124                __trampolines_start = .
 *(.trampolines)
 .trampolines   0x00000124        0x0 linker stubs
 *(.trampolines*)
                0x00000124                __trampolines_end = .
 *(.jumptables)
 *(.jumptables*)
 *(.lowtext)
 *(.lowtext*)
                0x00000124                __ctors_start = .
 *(.ctors)
                0x00000124                __ctors_end = .
                0x00000124                __dtors_start = .
 *(.dtors)
                0x00000124                __dtors_end = .
 SORT(*)(.ctors)
 SORT(*)(.dtors)
 *(.init0)
 .init0         0x00000124        0x0 c:/winavr-20081205/bin/../lib/gcc/avr/4.3.2/../../../../avr/lib/avr5/crtm169.o
                0x00000124                __init
 *(.init0)
 *(.init1)
 *(.init1)
 *(.init2)
 .init2         0x00000124        0xc c:/winavr-20081205/bin/../lib/gcc/avr/4.3.2/../../../../avr/lib/avr5/crtm169.o
 *(.init2)
 *(.init3)
 *(.init3)
 *(.init4)
 .init4         0x00000130       0x16 c:/winavr-20081205/bin/../lib/gcc/avr/4.3.2/avr5\libgcc.a(_copy_data.o)
                0x00000130                __do_copy_data
 .init4         0x00000146       0x10 c:/winavr-20081205/bin/../lib/gcc/avr/4.3.2/avr5\libgcc.a(_clear_bss.o)
                0x00000146                __do_clear_bss
 *(.init4)
 *(.init5)
 *(.init5)
 *(.init6)
 *(.init6)
 *(.init7)
 *(.init7)
 *(.init8)
 *(.init8)
 *(.init9)
 .init9         0x00000156        0x8 c:/winavr-20081205/bin/../lib/gcc/avr/4.3.2/../../../../avr/lib/avr5/crtm169.o
 *(.init9)
 *(.text)
 .text          0x0000015e        0x4 c:/winavr-20081205/bin/../lib/gcc/avr/4.3.2/../../../../avr/lib/avr5/crtm169.o
                0x0000015e                __vector_1
                0x0000015e                __vector_12
                0x0000015e                __bad_interrupt
                0x0000015e                __vector_6
                0x0000015e                __vector_3
                0x0000015e                __vector_11
                0x0000015e                __vector_13
                0x0000015e                __vector_17
                0x0000015e                __vector_19
                0x0000015e                __vector_7
                0x0000015e                __vector_5
                0x0000015e                __vector_4
                0x0000015e                __vector_9
                0x0000015e                __vector_2
                0x0000015e                __vector_21
                0x0000015e                __vector_15
                0x0000015e                __vector_8
                0x0000015e                __vector_14
                0x0000015e                __vector_10
                0x0000015e                __vector_16
                0x0000015e                __vector_18
                0x0000015e                __vector_20
 .text          0x00000162      0xf5e security_box.o
                0x00000f2c                temperature
                0x00000162                ADC_read
                0x0000103c                counter
                0x000001d8                main
                0x00000ea8                password_value
                0x00000efe                block_system
 .text          0x000010c0      0x5c4 Macro_lcd.o
                0x000013e2                __vector_22
                0x00001108                LCD_Clear
                0x000015b0                LCD_puts_f
                0x00001240                LCD_Colon
                0x0000129c                LCD_WriteDigit
                0x0000128a                LCD_FlashReset
                0x0000113e                LCD_puts
                0x0000125a                LCD_UpdateRequired
                0x000010c0                LCD_Init
                0x00001204                LCD_putc
                0x000013a2                LCD_AllSegments
 .text          0x00001684        0x0 c:/winavr-20081205/bin/../lib/gcc/avr/4.3.2/avr5\libgcc.a(_udivmodhi4.o)
 .text          0x00001684        0x0 c:/winavr-20081205/bin/../lib/gcc/avr/4.3.2/avr5\libgcc.a(_exit.o)
 .text          0x00001684        0x0 c:/winavr-20081205/bin/../lib/gcc/avr/4.3.2/avr5\libgcc.a(_copy_data.o)
 .text          0x00001684        0x0 c:/winavr-20081205/bin/../lib/gcc/avr/4.3.2/avr5\libgcc.a(_clear_bss.o)
 .text          0x00001684       0x58 c:/winavr-20081205/bin/../lib/gcc/avr/4.3.2/avr5\libgcc.a(_fixunssfsi.o)
                0x00001684                __fixunssfsi
 .text          0x000016dc      0x354 c:/winavr-20081205/bin/../lib/gcc/avr/4.3.2/avr5\libgcc.a(_addsub_sf.o)
                0x00001974                __subsf3
                0x000019d6                __addsf3
 .text          0x00001a30      0x1f4 c:/winavr-20081205/bin/../lib/gcc/avr/4.3.2/avr5\libgcc.a(_mul_sf.o)
                0x00001a30                __mulsf3
 .text          0x00001c24      0x158 c:/winavr-20081205/bin/../lib/gcc/avr/4.3.2/avr5\libgcc.a(_div_sf.o)
                0x00001c24                __divsf3
 .text          0x00001d7c       0x60 c:/winavr-20081205/bin/../lib/gcc/avr/4.3.2/avr5\libgcc.a(_gt_sf.o)
                0x00001d7c                __gtsf2
 .text          0x00001ddc       0x60 c:/winavr-20081205/bin/../lib/gcc/avr/4.3.2/avr5\libgcc.a(_ge_sf.o)
                0x00001ddc                __gesf2
 .text          0x00001e3c       0x60 c:/winavr-20081205/bin/../lib/gcc/avr/4.3.2/avr5\libgcc.a(_lt_sf.o)
                0x00001e3c                __ltsf2
 .text          0x00001e9c       0xbc c:/winavr-20081205/bin/../lib/gcc/avr/4.3.2/avr5\libgcc.a(_si_to_sf.o)
                0x00001e9c                __floatsisf
 .text          0x00001f58       0xa8 c:/winavr-20081205/bin/../lib/gcc/avr/4.3.2/avr5\libgcc.a(_sf_to_si.o)
                0x00001f58                __fixsfsi
 .text          0x00002000        0x0 c:/winavr-20081205/bin/../lib/gcc/avr/4.3.2/avr5\libgcc.a(_thenan_sf.o)
 .text          0x00002000       0xf2 c:/winavr-20081205/bin/../lib/gcc/avr/4.3.2/avr5\libgcc.a(_usi_to_sf.o)
                0x00002000                __floatunsisf
 .text          0x000020f2        0x0 c:/winavr-20081205/bin/../lib/gcc/avr/4.3.2/avr5\libgcc.a(_prologue.o)
 .text          0x000020f2        0x0 c:/winavr-20081205/bin/../lib/gcc/avr/4.3.2/avr5\libgcc.a(_epilogue.o)
 .text          0x000020f2       0x9e c:/winavr-20081205/bin/../lib/gcc/avr/4.3.2/avr5\libgcc.a(_clzsi2.o)
                0x000020f2                __clzsi2
 .text          0x00002190      0x1aa c:/winavr-20081205/bin/../lib/gcc/avr/4.3.2/avr5\libgcc.a(_pack_sf.o)
                0x00002190                __pack_f
 .text          0x0000233a       0xf0 c:/winavr-20081205/bin/../lib/gcc/avr/4.3.2/avr5\libgcc.a(_unpack_sf.o)
                0x0000233a                __unpack_f
 .text          0x0000242a       0xb2 c:/winavr-20081205/bin/../lib/gcc/avr/4.3.2/avr5\libgcc.a(_fpcmp_parts_sf.o)
                0x0000242a                __fpcmp_parts_f
 .text          0x000024dc        0x0 c:/winavr-20081205/bin/../lib/gcc/avr/4.3.2/avr5\libgcc.a(_clz.o)
 .text          0x000024dc       0x42 c:/winavr-20081205/bin/../lib/gcc/avr/4.3.2/../../../../avr/lib/avr5\libc.a(itoa.o)
                0x000024dc                itoa
 .text          0x0000251e        0x0 c:/winavr-20081205/bin/../lib/gcc/avr/4.3.2/../../../../avr/lib/avr5\libc.a(log.o)
 .text          0x0000251e        0x0 c:/winavr-20081205/bin/../lib/gcc/avr/4.3.2/../../../../avr/lib/avr5\libc.a(mulsf3x.o)
 .text          0x0000251e       0x20 c:/winavr-20081205/bin/../lib/gcc/avr/4.3.2/../../../../avr/lib/avr5\libc.a(strrev.o)
                0x0000251e                strrev
 .text          0x0000253e        0x0 c:/winavr-20081205/bin/../lib/gcc/avr/4.3.2/../../../../avr/lib/avr5\libc.a(addsf3x.o)
 .text          0x0000253e        0x0 c:/winavr-20081205/bin/../lib/gcc/avr/4.3.2/../../../../avr/lib/avr5\libc.a(fp_inf.o)
 .text          0x0000253e        0x0 c:/winavr-20081205/bin/../lib/gcc/avr/4.3.2/../../../../avr/lib/avr5\libc.a(fp_mpack.o)
 .text          0x0000253e        0x0 c:/winavr-20081205/bin/../lib/gcc/avr/4.3.2/../../../../avr/lib/avr5\libc.a(fp_nan.o)
 .text          0x0000253e        0x0 c:/winavr-20081205/bin/../lib/gcc/avr/4.3.2/../../../../avr/lib/avr5\libc.a(fp_powser.o)
 .text          0x0000253e        0x0 c:/winavr-20081205/bin/../lib/gcc/avr/4.3.2/../../../../avr/lib/avr5\libc.a(fp_pscA.o)
 .text          0x0000253e        0x0 c:/winavr-20081205/bin/../lib/gcc/avr/4.3.2/../../../../avr/lib/avr5\libc.a(fp_pscB.o)
 .text          0x0000253e        0x0 c:/winavr-20081205/bin/../lib/gcc/avr/4.3.2/../../../../avr/lib/avr5\libc.a(fp_round.o)
 .text          0x0000253e        0x0 c:/winavr-20081205/bin/../lib/gcc/avr/4.3.2/../../../../avr/lib/avr5\libc.a(fp_split3.o)
 .text          0x0000253e        0x0 c:/winavr-20081205/bin/../lib/gcc/avr/4.3.2/../../../../avr/lib/avr5\libc.a(fp_zero.o)
                0x0000253e                . = ALIGN (0x2)
 *(.text.*)
 .text.libgcc   0x0000253e       0x28 c:/winavr-20081205/bin/../lib/gcc/avr/4.3.2/avr5\libgcc.a(_udivmodhi4.o)
                0x0000253e                __udivmodhi4
 .text.libgcc   0x00002566        0x0 c:/winavr-20081205/bin/../lib/gcc/avr/4.3.2/avr5\libgcc.a(_exit.o)
 .text.libgcc   0x00002566        0x0 c:/winavr-20081205/bin/../lib/gcc/avr/4.3.2/avr5\libgcc.a(_copy_data.o)
 .text.libgcc   0x00002566        0x0 c:/winavr-20081205/bin/../lib/gcc/avr/4.3.2/avr5\libgcc.a(_clear_bss.o)
 .text.libgcc   0x00002566       0x38 c:/winavr-20081205/bin/../lib/gcc/avr/4.3.2/avr5\libgcc.a(_prologue.o)
                0x00002566                __prologue_saves__
 .text.libgcc   0x0000259e       0x36 c:/winavr-20081205/bin/../lib/gcc/avr/4.3.2/avr5\libgcc.a(_epilogue.o)
                0x0000259e                __epilogue_restores__
 .text.fplib    0x000025d4       0x8a c:/winavr-20081205/bin/../lib/gcc/avr/4.3.2/../../../../avr/lib/avr5\libc.a(log.o)
                0x000025de                log
 .text.fplib    0x0000265e       0xc2 c:/winavr-20081205/bin/../lib/gcc/avr/4.3.2/../../../../avr/lib/avr5\libc.a(mulsf3x.o)
                0x00002676                __mulsf3_pse
                0x00002672                __mulsf3x
 .text.fplib    0x00002720       0xc0 c:/winavr-20081205/bin/../lib/gcc/avr/4.3.2/../../../../avr/lib/avr5\libc.a(addsf3x.o)
                0x0000273a                __addsf3x
 .text.fplib    0x000027e0        0xc c:/winavr-20081205/bin/../lib/gcc/avr/4.3.2/../../../../avr/lib/avr5\libc.a(fp_inf.o)
                0x000027e0                __fp_inf
 .text.fplib    0x000027ec       0x20 c:/winavr-20081205/bin/../lib/gcc/avr/4.3.2/../../../../avr/lib/avr5\libc.a(fp_mpack.o)
                0x000027ec                __fp_mpack
 .text.fplib    0x0000280c        0x6 c:/winavr-20081205/bin/../lib/gcc/avr/4.3.2/../../../../avr/lib/avr5\libc.a(fp_nan.o)
                0x0000280c                __fp_nan
 .text.fplib    0x00002812       0x4a c:/winavr-20081205/bin/../lib/gcc/avr/4.3.2/../../../../avr/lib/avr5\libc.a(fp_powser.o)
                0x00002812                __fp_powser
 .text.fplib    0x0000285c        0xe c:/winavr-20081205/bin/../lib/gcc/avr/4.3.2/../../../../avr/lib/avr5\libc.a(fp_pscA.o)
                0x0000285c                __fp_pscA
 .text.fplib    0x0000286a        0xe c:/winavr-20081205/bin/../lib/gcc/avr/4.3.2/../../../../avr/lib/avr5\libc.a(fp_pscB.o)
                0x0000286a                __fp_pscB
 .text.fplib    0x00002878       0x22 c:/winavr-20081205/bin/../lib/gcc/avr/4.3.2/../../../../avr/lib/avr5\libc.a(fp_round.o)
                0x00002878                __fp_round
 .text.fplib    0x0000289a       0x44 c:/winavr-20081205/bin/../lib/gcc/avr/4.3.2/../../../../avr/lib/avr5\libc.a(fp_split3.o)
                0x0000289a                __fp_split3
                0x000028aa                __fp_splitA
 .text.fplib    0x000028de        0xe c:/winavr-20081205/bin/../lib/gcc/avr/4.3.2/../../../../avr/lib/avr5\libc.a(fp_zero.o)
                0x000028de                __fp_zero
                0x000028e0                __fp_szero
                0x000028ec                . = ALIGN (0x2)
 *(.fini9)
 .fini9         0x000028ec        0x0 c:/winavr-20081205/bin/../lib/gcc/avr/4.3.2/avr5\libgcc.a(_exit.o)
                0x000028ec                exit
                0x000028ec                _exit
 *(.fini9)
 *(.fini8)
 *(.fini8)
 *(.fini7)
 *(.fini7)
 *(.fini6)
 *(.fini6)
 *(.fini5)
 *(.fini5)
 *(.fini4)
 *(.fini4)
 *(.fini3)
 *(.fini3)
 *(.fini2)
 *(.fini2)
 *(.fini1)
 *(.fini1)
 *(.fini0)
 .fini0         0x000028ec        0x4 c:/winavr-20081205/bin/../lib/gcc/avr/4.3.2/avr5\libgcc.a(_exit.o)
 *(.fini0)
                0x000028f0                _etext = .

.data           0x00800100      0x138 load address 0x000028f0
                0x00800100                PROVIDE (__data_start, .)
 *(.data)
 .data          0x00800100        0x0 c:/winavr-20081205/bin/../lib/gcc/avr/4.3.2/../../../../avr/lib/avr5/crtm169.o
 .data          0x00800100       0x2e security_box.o
 .data          0x0080012e        0x2 Macro_lcd.o
                0x0080012f                CONTRAST
 .data          0x00800130        0x0 c:/winavr-20081205/bin/../lib/gcc/avr/4.3.2/avr5\libgcc.a(_udivmodhi4.o)
 .data          0x00800130        0x0 c:/winavr-20081205/bin/../lib/gcc/avr/4.3.2/avr5\libgcc.a(_exit.o)
 .data          0x00800130        0x0 c:/winavr-20081205/bin/../lib/gcc/avr/4.3.2/avr5\libgcc.a(_copy_data.o)
 .data          0x00800130        0x0 c:/winavr-20081205/bin/../lib/gcc/avr/4.3.2/avr5\libgcc.a(_clear_bss.o)
 .data          0x00800130        0x0 c:/winavr-20081205/bin/../lib/gcc/avr/4.3.2/avr5\libgcc.a(_fixunssfsi.o)
 .data          0x00800130        0x0 c:/winavr-20081205/bin/../lib/gcc/avr/4.3.2/avr5\libgcc.a(_addsub_sf.o)
 .data          0x00800130        0x0 c:/winavr-20081205/bin/../lib/gcc/avr/4.3.2/avr5\libgcc.a(_mul_sf.o)
 .data          0x00800130        0x0 c:/winavr-20081205/bin/../lib/gcc/avr/4.3.2/avr5\libgcc.a(_div_sf.o)
 .data          0x00800130        0x0 c:/winavr-20081205/bin/../lib/gcc/avr/4.3.2/avr5\libgcc.a(_gt_sf.o)
 .data          0x00800130        0x0 c:/winavr-20081205/bin/../lib/gcc/avr/4.3.2/avr5\libgcc.a(_ge_sf.o)
 .data          0x00800130        0x0 c:/winavr-20081205/bin/../lib/gcc/avr/4.3.2/avr5\libgcc.a(_lt_sf.o)
 .data          0x00800130        0x0 c:/winavr-20081205/bin/../lib/gcc/avr/4.3.2/avr5\libgcc.a(_si_to_sf.o)
 .data          0x00800130        0x0 c:/winavr-20081205/bin/../lib/gcc/avr/4.3.2/avr5\libgcc.a(_sf_to_si.o)
 .data          0x00800130        0x8 c:/winavr-20081205/bin/../lib/gcc/avr/4.3.2/avr5\libgcc.a(_thenan_sf.o)
                0x00800130                __thenan_sf
 .data          0x00800138        0x0 c:/winavr-20081205/bin/../lib/gcc/avr/4.3.2/avr5\libgcc.a(_usi_to_sf.o)
 .data          0x00800138        0x0 c:/winavr-20081205/bin/../lib/gcc/avr/4.3.2/avr5\libgcc.a(_prologue.o)
 .data          0x00800138        0x0 c:/winavr-20081205/bin/../lib/gcc/avr/4.3.2/avr5\libgcc.a(_epilogue.o)
 .data          0x00800138        0x0 c:/winavr-20081205/bin/../lib/gcc/avr/4.3.2/avr5\libgcc.a(_clzsi2.o)
 .data          0x00800138        0x0 c:/winavr-20081205/bin/../lib/gcc/avr/4.3.2/avr5\libgcc.a(_pack_sf.o)
 .data          0x00800138        0x0 c:/winavr-20081205/bin/../lib/gcc/avr/4.3.2/avr5\libgcc.a(_unpack_sf.o)
 .data          0x00800138        0x0 c:/winavr-20081205/bin/../lib/gcc/avr/4.3.2/avr5\libgcc.a(_fpcmp_parts_sf.o)
 .data          0x00800138      0x100 c:/winavr-20081205/bin/../lib/gcc/avr/4.3.2/avr5\libgcc.a(_clz.o)
                0x00800138                __clz_tab
 .data          0x00800238        0x0 c:/winavr-20081205/bin/../lib/gcc/avr/4.3.2/../../../../avr/lib/avr5\libc.a(itoa.o)
 .data          0x00800238        0x0 c:/winavr-20081205/bin/../lib/gcc/avr/4.3.2/../../../../avr/lib/avr5\libc.a(log.o)
 .data          0x00800238        0x0 c:/winavr-20081205/bin/../lib/gcc/avr/4.3.2/../../../../avr/lib/avr5\libc.a(mulsf3x.o)
 .data          0x00800238        0x0 c:/winavr-20081205/bin/../lib/gcc/avr/4.3.2/../../../../avr/lib/avr5\libc.a(strrev.o)
 .data          0x00800238        0x0 c:/winavr-20081205/bin/../lib/gcc/avr/4.3.2/../../../../avr/lib/avr5\libc.a(addsf3x.o)
 .data          0x00800238        0x0 c:/winavr-20081205/bin/../lib/gcc/avr/4.3.2/../../../../avr/lib/avr5\libc.a(fp_inf.o)
 .data          0x00800238        0x0 c:/winavr-20081205/bin/../lib/gcc/avr/4.3.2/../../../../avr/lib/avr5\libc.a(fp_mpack.o)
 .data          0x00800238        0x0 c:/winavr-20081205/bin/../lib/gcc/avr/4.3.2/../../../../avr/lib/avr5\libc.a(fp_nan.o)
 .data          0x00800238        0x0 c:/winavr-20081205/bin/../lib/gcc/avr/4.3.2/../../../../avr/lib/avr5\libc.a(fp_powser.o)
 .data          0x00800238        0x0 c:/winavr-20081205/bin/../lib/gcc/avr/4.3.2/../../../../avr/lib/avr5\libc.a(fp_pscA.o)
 .data          0x00800238        0x0 c:/winavr-20081205/bin/../lib/gcc/avr/4.3.2/../../../../avr/lib/avr5\libc.a(fp_pscB.o)
 .data          0x00800238        0x0 c:/winavr-20081205/bin/../lib/gcc/avr/4.3.2/../../../../avr/lib/avr5\libc.a(fp_round.o)
 .data          0x00800238        0x0 c:/winavr-20081205/bin/../lib/gcc/avr/4.3.2/../../../../avr/lib/avr5\libc.a(fp_split3.o)
 .data          0x00800238        0x0 c:/winavr-20081205/bin/../lib/gcc/avr/4.3.2/../../../../avr/lib/avr5\libc.a(fp_zero.o)
 *(.data*)
 *(.rodata)
 *(.rodata*)
 *(.gnu.linkonce.d*)
                0x00800238                . = ALIGN (0x2)
                0x00800238                _edata = .
                0x00800238                PROVIDE (__data_end, .)

.bss            0x00800238       0x56
                0x00800238                PROVIDE (__bss_start, .)
 *(.bss)
 .bss           0x00800238        0x0 c:/winavr-20081205/bin/../lib/gcc/avr/4.3.2/../../../../avr/lib/avr5/crtm169.o
 .bss           0x00800238        0x0 security_box.o
 .bss           0x00800238        0x5 Macro_lcd.o
                0x00800238                gLCD_Update_Required
                0x0080023b                gColon
                0x0080023a                gFlashTimer
                0x00800239                gLCD_Start_Scroll_Timer
 .bss           0x0080023d        0x0 c:/winavr-20081205/bin/../lib/gcc/avr/4.3.2/avr5\libgcc.a(_udivmodhi4.o)
 .bss           0x0080023d        0x0 c:/winavr-20081205/bin/../lib/gcc/avr/4.3.2/avr5\libgcc.a(_exit.o)
 .bss           0x0080023d        0x0 c:/winavr-20081205/bin/../lib/gcc/avr/4.3.2/avr5\libgcc.a(_copy_data.o)
 .bss           0x0080023d        0x0 c:/winavr-20081205/bin/../lib/gcc/avr/4.3.2/avr5\libgcc.a(_clear_bss.o)
 .bss           0x0080023d        0x0 c:/winavr-20081205/bin/../lib/gcc/avr/4.3.2/avr5\libgcc.a(_fixunssfsi.o)
 .bss           0x0080023d        0x0 c:/winavr-20081205/bin/../lib/gcc/avr/4.3.2/avr5\libgcc.a(_addsub_sf.o)
 .bss           0x0080023d        0x0 c:/winavr-20081205/bin/../lib/gcc/avr/4.3.2/avr5\libgcc.a(_mul_sf.o)
 .bss           0x0080023d        0x0 c:/winavr-20081205/bin/../lib/gcc/avr/4.3.2/avr5\libgcc.a(_div_sf.o)
 .bss           0x0080023d        0x0 c:/winavr-20081205/bin/../lib/gcc/avr/4.3.2/avr5\libgcc.a(_gt_sf.o)
 .bss           0x0080023d        0x0 c:/winavr-20081205/bin/../lib/gcc/avr/4.3.2/avr5\libgcc.a(_ge_sf.o)
 .bss           0x0080023d        0x0 c:/winavr-20081205/bin/../lib/gcc/avr/4.3.2/avr5\libgcc.a(_lt_sf.o)
 .bss           0x0080023d        0x0 c:/winavr-20081205/bin/../lib/gcc/avr/4.3.2/avr5\libgcc.a(_si_to_sf.o)
 .bss           0x0080023d        0x0 c:/winavr-20081205/bin/../lib/gcc/avr/4.3.2/avr5\libgcc.a(_sf_to_si.o)
 .bss           0x0080023d        0x0 c:/winavr-20081205/bin/../lib/gcc/avr/4.3.2/avr5\libgcc.a(_thenan_sf.o)
 .bss           0x0080023d        0x0 c:/winavr-20081205/bin/../lib/gcc/avr/4.3.2/avr5\libgcc.a(_usi_to_sf.o)
 .bss           0x0080023d        0x0 c:/winavr-20081205/bin/../lib/gcc/avr/4.3.2/avr5\libgcc.a(_prologue.o)
 .bss           0x0080023d        0x0 c:/winavr-20081205/bin/../lib/gcc/avr/4.3.2/avr5\libgcc.a(_epilogue.o)
 .bss           0x0080023d        0x0 c:/winavr-20081205/bin/../lib/gcc/avr/4.3.2/avr5\libgcc.a(_clzsi2.o)
 .bss           0x0080023d        0x0 c:/winavr-20081205/bin/../lib/gcc/avr/4.3.2/avr5\libgcc.a(_pack_sf.o)
 .bss           0x0080023d        0x0 c:/winavr-20081205/bin/../lib/gcc/avr/4.3.2/avr5\libgcc.a(_unpack_sf.o)
 .bss           0x0080023d        0x0 c:/winavr-20081205/bin/../lib/gcc/avr/4.3.2/avr5\libgcc.a(_fpcmp_parts_sf.o)
 .bss           0x0080023d        0x0 c:/winavr-20081205/bin/../lib/gcc/avr/4.3.2/avr5\libgcc.a(_clz.o)
 .bss           0x0080023d        0x0 c:/winavr-20081205/bin/../lib/gcc/avr/4.3.2/../../../../avr/lib/avr5\libc.a(itoa.o)
 .bss           0x0080023d        0x0 c:/winavr-20081205/bin/../lib/gcc/avr/4.3.2/../../../../avr/lib/avr5\libc.a(log.o)
 .bss           0x0080023d        0x0 c:/winavr-20081205/bin/../lib/gcc/avr/4.3.2/../../../../avr/lib/avr5\libc.a(mulsf3x.o)
 .bss           0x0080023d        0x0 c:/winavr-20081205/bin/../lib/gcc/avr/4.3.2/../../../../avr/lib/avr5\libc.a(strrev.o)
 .bss           0x0080023d        0x0 c:/winavr-20081205/bin/../lib/gcc/avr/4.3.2/../../../../avr/lib/avr5\libc.a(addsf3x.o)
 .bss           0x0080023d        0x0 c:/winavr-20081205/bin/../lib/gcc/avr/4.3.2/../../../../avr/lib/avr5\libc.a(fp_inf.o)
 .bss           0x0080023d        0x0 c:/winavr-20081205/bin/../lib/gcc/avr/4.3.2/../../../../avr/lib/avr5\libc.a(fp_mpack.o)
 .bss           0x0080023d        0x0 c:/winavr-20081205/bin/../lib/gcc/avr/4.3.2/../../../../avr/lib/avr5\libc.a(fp_nan.o)
 .bss           0x0080023d        0x0 c:/winavr-20081205/bin/../lib/gcc/avr/4.3.2/../../../../avr/lib/avr5\libc.a(fp_powser.o)
 .bss           0x0080023d        0x0 c:/winavr-20081205/bin/../lib/gcc/avr/4.3.2/../../../../avr/lib/avr5\libc.a(fp_pscA.o)
 .bss           0x0080023d        0x0 c:/winavr-20081205/bin/../lib/gcc/avr/4.3.2/../../../../avr/lib/avr5\libc.a(fp_pscB.o)
 .bss           0x0080023d        0x0 c:/winavr-20081205/bin/../lib/gcc/avr/4.3.2/../../../../avr/lib/avr5\libc.a(fp_round.o)
 .bss           0x0080023d        0x0 c:/winavr-20081205/bin/../lib/gcc/avr/4.3.2/../../../../avr/lib/avr5\libc.a(fp_split3.o)
 .bss           0x0080023d        0x0 c:/winavr-20081205/bin/../lib/gcc/avr/4.3.2/../../../../avr/lib/avr5\libc.a(fp_zero.o)
 *(.bss*)
 *(COMMON)
 COMMON         0x0080023d       0x22 security_box.o
                0x0080023d                lcd_str
                0x0080025b                v
 COMMON         0x0080025f       0x2f Macro_lcd.o
                0x0080025f                gScrollMode
                0x00800260                LCD_Data
                0x00800274                gTextBuffer
                0x0080028d                gScroll
                0x0080028e                PROVIDE (__bss_end, .)
                0x000028f0                __data_load_start = LOADADDR (.data)
                0x00002a28                __data_load_end = (__data_load_start + SIZEOF (.data))

.noinit         0x0080028e        0x0
                0x0080028e                PROVIDE (__noinit_start, .)
 *(.noinit*)
                0x0080028e                PROVIDE (__noinit_end, .)
                0x0080028e                _end = .
                0x0080028e                PROVIDE (__heap_start, .)

.eeprom         0x00810000        0x0
 *(.eeprom*)
                0x00810000                __eeprom_end = .

.fuse
 *(.fuse)
 *(.lfuse)
 *(.hfuse)
 *(.efuse)

.lock
 *(.lock*)

.signature
 *(.signature*)

.stab
 *(.stab)

.stabstr
 *(.stabstr)

.stab.excl
 *(.stab.excl)

.stab.exclstr
 *(.stab.exclstr)

.stab.index
 *(.stab.index)

.stab.indexstr
 *(.stab.indexstr)

.comment
 *(.comment)

.debug
 *(.debug)

.line
 *(.line)

.debug_srcinfo
 *(.debug_srcinfo)

.debug_sfnames
 *(.debug_sfnames)

.debug_aranges  0x00000000       0x40
 *(.debug_aranges)
 .debug_aranges
                0x00000000       0x20 security_box.o
 .debug_aranges
                0x00000020       0x20 Macro_lcd.o

.debug_pubnames
                0x00000000      0x1ff
 *(.debug_pubnames)
 .debug_pubnames
                0x00000000       0x7a security_box.o
 .debug_pubnames
                0x0000007a      0x185 Macro_lcd.o

.debug_info     0x00000000      0xa30
 *(.debug_info)
 .debug_info    0x00000000      0x527 security_box.o
 .debug_info    0x00000527      0x509 Macro_lcd.o
 *(.gnu.linkonce.wi.*)

.debug_abbrev   0x00000000      0x2ab
 *(.debug_abbrev)
 .debug_abbrev  0x00000000      0x146 security_box.o
 .debug_abbrev  0x00000146      0x165 Macro_lcd.o

.debug_line     0x00000000      0xc45
 *(.debug_line)
 .debug_line    0x00000000      0x72f security_box.o
 .debug_line    0x0000072f      0x516 Macro_lcd.o

.debug_frame    0x00000000      0x130
 *(.debug_frame)
 .debug_frame   0x00000000       0x70 security_box.o
 .debug_frame   0x00000070       0xc0 Macro_lcd.o

.debug_str      0x00000000      0x301
 *(.debug_str)
 .debug_str     0x00000000      0x160 security_box.o
                                0x19f (size before relaxing)
 .debug_str     0x00000160      0x1a1 Macro_lcd.o
                                0x29f (size before relaxing)

.debug_loc
 *(.debug_loc)

.debug_macinfo
 *(.debug_macinfo)
OUTPUT(security_box.elf elf32-avr)
LOAD linker stubs
